// Jest Snapshot v1, https://goo.gl/fbAQLP

exports[`matches snapshot 1`] = `
<DocumentFragment>
  <div
    class="makeStyles-root-18"
  >
    <header
      class="MuiPaper-root MuiAppBar-root MuiAppBar-positionStatic MuiAppBar-colorDefault MuiPaper-elevation4"
    >
      <div
        class="MuiTabs-root"
      >
        <div
          class="MuiTabs-scroller MuiTabs-fixed"
          style="overflow: hidden;"
        >
          <div
            aria-label="full width tabs example"
            class="MuiTabs-flexContainer"
            role="tablist"
          >
            <button
              aria-controls="simple-tabpanel-0"
              aria-selected="true"
              class="MuiButtonBase-root MuiTab-root MuiTab-textColorPrimary Mui-selected MuiTab-fullWidth"
              id="simple-tab-0"
              role="tab"
              tabindex="0"
              type="button"
            >
              <span
                class="MuiTab-wrapper"
              >
                Login
              </span>
              <span
                class="MuiTouchRipple-root"
              />
            </button>
            <button
              aria-controls="simple-tabpanel-1"
              aria-selected="false"
              class="MuiButtonBase-root MuiTab-root MuiTab-textColorPrimary MuiTab-fullWidth"
              id="simple-tab-1"
              role="tab"
              tabindex="-1"
              type="button"
            >
              <span
                class="MuiTab-wrapper"
              >
                Signup
              </span>
              <span
                class="MuiTouchRipple-root"
              />
            </button>
          </div>
          <span
            class="PrivateTabIndicator-root-19 PrivateTabIndicator-colorPrimary-20 MuiTabs-indicator"
            style="left: 0px; width: 0px;"
          />
        </div>
      </div>
    </header>
    <div
      aria-labelledby="simple-tab-0"
      id="simple-tabpanel-0"
      role="tabpanel"
    >
      <div
        class="MuiBox-root MuiBox-root-23"
      >
        <main
          class="MuiContainer-root MuiContainer-maxWidthXs"
        >
          <div
            class="makeStyles-paper-27"
          >
            <div
              class="MuiAvatar-root MuiAvatar-circle makeStyles-avatar-28 MuiAvatar-colorDefault"
            >
              <svg
                aria-hidden="true"
                class="MuiSvgIcon-root"
                focusable="false"
                viewBox="0 0 24 24"
              >
                <path
                  d="M18 8h-1V6c0-2.76-2.24-5-5-5S7 3.24 7 6v2H6c-1.1 0-2 .9-2 2v10c0 1.1.9 2 2 2h12c1.1 0 2-.9 2-2V10c0-1.1-.9-2-2-2zM9 6c0-1.66 1.34-3 3-3s3 1.34 3 3v2H9V6zm9 14H6V10h12v10zm-6-3c1.1 0 2-.9 2-2s-.9-2-2-2-2 .9-2 2 .9 2 2 2z"
                />
              </svg>
            </div>
            <h1
              class="MuiTypography-root MuiTypography-h5"
            >
              Log In
            </h1>
            <form
              class="makeStyles-form-29"
              novalidate=""
            >
              <div
                class="MuiFormControl-root MuiTextField-root MuiFormControl-marginNormal MuiFormControl-fullWidth"
              >
                <label
                  class="MuiFormLabel-root MuiInputLabel-root MuiInputLabel-formControl MuiInputLabel-animated MuiInputLabel-shrink MuiInputLabel-outlined Mui-focused Mui-focused Mui-required Mui-required"
                  data-shrink="true"
                  for="username"
                  id="username-label"
                >
                  Username
                  <span
                    aria-hidden="true"
                    class="MuiFormLabel-asterisk MuiInputLabel-asterisk"
                  >
                     *
                  </span>
                </label>
                <div
                  class="MuiInputBase-root MuiOutlinedInput-root MuiInputBase-fullWidth Mui-focused Mui-focused MuiInputBase-formControl"
                >
                  <input
                    aria-invalid="false"
                    autocomplete="username"
                    class="MuiInputBase-input MuiOutlinedInput-input"
                    id="username"
                    name="username"
                    required=""
                    type="text"
                    value=""
                  />
                  <fieldset
                    aria-hidden="true"
                    class="PrivateNotchedOutline-root-31 MuiOutlinedInput-notchedOutline"
                  >
                    <legend
                      class="PrivateNotchedOutline-legendLabelled-33 PrivateNotchedOutline-legendNotched-34"
                    >
                      <span>
                        Username *
                      </span>
                    </legend>
                  </fieldset>
                </div>
              </div>
              <div
                class="MuiFormControl-root MuiTextField-root MuiFormControl-marginNormal MuiFormControl-fullWidth"
              >
                <label
                  class="MuiFormLabel-root MuiInputLabel-root MuiInputLabel-formControl MuiInputLabel-animated MuiInputLabel-outlined Mui-required Mui-required"
                  data-shrink="false"
                  for="password"
                  id="password-label"
                >
                  Password
                  <span
                    aria-hidden="true"
                    class="MuiFormLabel-asterisk MuiInputLabel-asterisk"
                  >
                     *
                  </span>
                </label>
                <div
                  class="MuiInputBase-root MuiOutlinedInput-root MuiInputBase-fullWidth MuiInputBase-formControl"
                >
                  <input
                    aria-invalid="false"
                    autocomplete="current-password"
                    class="MuiInputBase-input MuiOutlinedInput-input"
                    id="password"
                    name="password"
                    required=""
                    type="password"
                    value=""
                  />
                  <fieldset
                    aria-hidden="true"
                    class="PrivateNotchedOutline-root-31 MuiOutlinedInput-notchedOutline"
                  >
                    <legend
                      class="PrivateNotchedOutline-legendLabelled-33"
                    >
                      <span>
                        Password *
                      </span>
                    </legend>
                  </fieldset>
                </div>
              </div>
              <button
                class="MuiButtonBase-root MuiButton-root MuiButton-contained makeStyles-submit-30 MuiButton-containedPrimary MuiButton-fullWidth"
                tabindex="0"
                type="submit"
              >
                <span
                  class="MuiButton-label"
                >
                  Log In
                </span>
                <span
                  class="MuiTouchRipple-root"
                />
              </button>
            </form>
          </div>
        </main>
      </div>
    </div>
    <div
      aria-labelledby="simple-tab-1"
      hidden=""
      id="simple-tabpanel-1"
      role="tabpanel"
    />
  </div>
</DocumentFragment>
`;
